\BOOKMARK [0][-]{part*.2}{\376\377\000P\000a\000r\000t\000\040\0000\000\040\040\024\000\040\000F\000o\000u\000r\000\040\000R\000o\000u\000t\000e\000s\000\040\000a\000n\000d\000\040\000W\000h\000a\000t\000\040\000C\000o\000n\000v\000e\000r\000g\000e\000n\000c\000e\000\040\000I\000s\000\040\000W\000o\000r\000t\000h}{}% 1
\BOOKMARK [1][-]{section.1}{\376\377\000T\000h\000e\000\040\000d\000e\000f\000e\000c\000t\000\040\000t\000h\000i\000s\000\040\000p\000a\000p\000e\000r\000\040\000r\000e\000p\000a\000i\000r\000s}{part*.2}% 2
\BOOKMARK [1][-]{section.2}{\376\377\000T\000h\000e\000\040\000f\000o\000u\000r\000\040\000r\000o\000u\000t\000e\000s}{part*.2}% 3
\BOOKMARK [1][-]{section.3}{\376\377\000C\000a\000r\000r\000i\000e\000r\000\040\000e\000l\000i\000m\000i\000n\000a\000t\000i\000o\000n\000:\000\040\000w\000h\000y\000\040\000t\000h\000e\000\040\000i\000n\000s\000t\000r\000u\000m\000e\000n\000t\000\040\000i\000s\000\040\000o\000p\000t\000i\000o\000n\000a\000l}{part*.2}% 4
\BOOKMARK [1][-]{section.4}{\376\377\000W\000h\000a\000t\000\040\000c\000o\000n\000v\000e\000r\000g\000e\000n\000c\000e\000\040\000i\000s\000\040\000a\000n\000d\000\040\000i\000s\000\040\000n\000o\000t\000\040\000w\000o\000r\000t\000h}{part*.2}% 5
\BOOKMARK [1][-]{section.5}{\376\377\000R\000u\000n\000g\000s\000,\000\040\000l\000a\000d\000d\000e\000r\000s\000,\000\040\000a\000n\000d\000\040\000p\000o\000w\000e\000r\000s\000\040\000f\000r\000o\000m\000\040\000m\000e\000a\000s\000u\000r\000e\000m\000e\000n\000t}{part*.2}% 6
\BOOKMARK [1][-]{section.6}{\376\377\000T\000h\000e\000\040\000e\000n\000e\000r\000g\000y\000-\000s\000h\000e\000l\000l\000\040\000f\000o\000r\000m\000u\000l\000a}{part*.2}% 7
\BOOKMARK [1][-]{section.7}{\376\377\000R\000e\000f\000e\000r\000e\000n\000c\000e\000\040\000d\000a\000t\000a\000\040\000a\000n\000d\000\040\000n\000o\000t\000a\000t\000i\000o\000n}{part*.2}% 8
\BOOKMARK [0][-]{part*.7}{\376\377\000P\000a\000r\000t\000\040\000I\000\040\040\024\000\040\000T\000h\000e\000\040\000H\000y\000d\000r\000o\000g\000e\000n\000\040\000A\000t\000l\000a\000s}{}% 9
\BOOKMARK [1][-]{section.8}{\376\377\000L\000y\000m\000a\000n\000\040\000S\000e\000r\000i\000e\000s\000\040\000\050\000U\000V\000\051}{part*.7}% 10
\BOOKMARK [1][-]{section.9}{\376\377\000B\000a\000l\000m\000e\000r\000\040\000S\000e\000r\000i\000e\000s\000\040\000\050\000V\000i\000s\000i\000b\000l\000e\000\051}{part*.7}% 11
\BOOKMARK [1][-]{section.10}{\376\377\000P\000a\000s\000c\000h\000e\000n\000,\000\040\000B\000r\000a\000c\000k\000e\000t\000t\000,\000\040\000a\000n\000d\000\040\000P\000f\000u\000n\000d\000\040\000S\000e\000r\000i\000e\000s}{part*.7}% 12
\BOOKMARK [1][-]{section.11}{\376\377\000H\000y\000p\000e\000r\000f\000i\000n\000e\000\040\0002\0001\000\040\000c\000m\000\040\000L\000i\000n\000e}{part*.7}% 13
\BOOKMARK [1][-]{section.12}{\376\377\000P\000h\000o\000t\000o\000e\000l\000e\000c\000t\000r\000o\000n\000\040\000S\000p\000e\000c\000t\000r\000u\000m}{part*.7}% 14
\BOOKMARK [1][-]{section.13}{\376\377\000F\000i\000n\000e\000\040\000S\000t\000r\000u\000c\000t\000u\000r\000e}{part*.7}% 15
\BOOKMARK [1][-]{section.14}{\376\377\000C\000o\000m\000p\000o\000s\000i\000t\000e\000\040\000H\000y\000d\000r\000o\000g\000e\000n\000\040\000S\000p\000e\000c\000t\000r\000u\000m}{part*.7}% 16
\BOOKMARK [0][-]{part*.9}{\376\377\000P\000a\000r\000t\000\040\000I\000I\000\040\040\024\000\040\000T\000h\000e\000\040\000M\000o\000l\000e\000c\000u\000l\000a\000r\000\040\000H\000y\000d\000r\000o\000g\000e\000n\000\040\000A\000t\000l\000a\000s}{}% 17
\BOOKMARK [1][-]{section.15}{\376\377\000V\000i\000b\000r\000a\000t\000i\000o\000n\000a\000l\000\040\000F\000u\000n\000d\000a\000m\000e\000n\000t\000a\000l\000\040\000a\000n\000d\000\040\000O\000v\000e\000r\000t\000o\000n\000e\000s}{part*.9}% 18
\BOOKMARK [1][-]{section.16}{\376\377\000P\000u\000r\000e\000\040\000R\000o\000t\000a\000t\000i\000o\000n\000a\000l\000\040\000S\000p\000e\000c\000t\000r\000u\000m}{part*.9}% 19
\BOOKMARK [1][-]{section.17}{\376\377\000R\000o\000-\000v\000i\000b\000r\000a\000t\000i\000o\000n\000a\000l\000\040\000B\000a\000n\000d\000s}{part*.9}% 20
\BOOKMARK [1][-]{section.18}{\376\377\000L\000y\000m\000a\000n\000\040\000a\000n\000d\000\040\000W\000e\000r\000n\000e\000r\000\040\000B\000a\000n\000d\000s\000\040\000\050\000U\000V\000\051}{part*.9}% 21
\BOOKMARK [1][-]{section.19}{\376\377\000R\000a\000m\000a\000n\000\040\000S\000p\000e\000c\000t\000r\000u\000m}{part*.9}% 22
\BOOKMARK [1][-]{section.20}{\376\377\000M\000a\000s\000s\000\040\000S\000p\000e\000c\000t\000r\000u\000m}{part*.9}% 23
\BOOKMARK [1][-]{section.21}{\376\377\000C\000o\000m\000p\000o\000s\000i\000t\000e\000\040\000H\0002\000\040\000S\000p\000e\000c\000t\000r\000u\000m}{part*.9}% 24
\BOOKMARK [0][-]{part*.11}{\376\377\000P\000a\000r\000t\000\040\000I\000I\000I\000\040\040\024\000\040\000T\000h\000e\000\040\000W\000a\000t\000e\000r\000\040\000A\000t\000l\000a\000s}{}% 25
\BOOKMARK [1][-]{section.22}{\376\377\000V\000i\000b\000r\000a\000t\000i\000o\000n\000a\000l\000\040\000F\000u\000n\000d\000a\000m\000e\000n\000t\000a\000l\000s}{part*.11}% 26
\BOOKMARK [1][-]{section.23}{\376\377\000V\000i\000b\000r\000a\000t\000i\000o\000n\000a\000l\000\040\000O\000v\000e\000r\000t\000o\000n\000e\000s\000\040\000a\000n\000d\000\040\000C\000o\000m\000b\000i\000n\000a\000t\000i\000o\000n\000s}{part*.11}% 27
\BOOKMARK [1][-]{section.24}{\376\377\000P\000u\000r\000e\000\040\000R\000o\000t\000a\000t\000i\000o\000n\000a\000l\000\040\000S\000p\000e\000c\000t\000r\000u\000m\000\040\000\050\000A\000s\000y\000m\000m\000e\000t\000r\000i\000c\000\040\000T\000o\000p\000\051}{part*.11}% 28
\BOOKMARK [1][-]{section.25}{\376\377\000R\000a\000m\000a\000n\000\040\000S\000p\000e\000c\000t\000r\000u\000m}{part*.11}% 29
\BOOKMARK [1][-]{section.26}{\376\377\000E\000l\000e\000c\000t\000r\000o\000n\000i\000c\000\040\000U\000V}{part*.11}% 30
\BOOKMARK [1][-]{section.27}{\376\377\0001\000H\000\040\000N\000M\000R}{part*.11}% 31
\BOOKMARK [1][-]{section.28}{\376\377\000P\000h\000o\000t\000o\000e\000l\000e\000c\000t\000r\000o\000n\000\040\000S\000p\000e\000c\000t\000r\000u\000m}{part*.11}% 32
\BOOKMARK [1][-]{section.29}{\376\377\000M\000a\000s\000s\000\040\000S\000p\000e\000c\000t\000r\000u\000m}{part*.11}% 33
\BOOKMARK [1][-]{section.30}{\376\377\000C\000o\000m\000p\000o\000s\000i\000t\000e\000\040\000H\0002\000O\000\040\000S\000p\000e\000c\000t\000r\000u\000m}{part*.11}% 34
\BOOKMARK [0][-]{part*.13}{\376\377\000P\000a\000r\000t\000\040\000I\000V\000\040\040\024\000\040\000T\000h\000e\000\040\000L\000a\000d\000d\000e\000r\000\040\000R\000o\000u\000t\000e}{}% 35
\BOOKMARK [1][-]{section.31}{\376\377\000R\000u\000n\000g\000\040\000p\000o\000w\000e\000r\000s\000\040\000f\000r\000o\000m\000\040\000m\000e\000a\000s\000u\000r\000e\000d\000\040\000l\000i\000n\000e\000s}{part*.13}% 36
\BOOKMARK [1][-]{section.32}{\376\377\000C\000i\000r\000c\000u\000l\000a\000t\000i\000o\000n\000\040\000i\000s\000\040\000a\000d\000d\000i\000t\000i\000v\000e\000:\000\040\000t\000h\000e\000\040\000R\000i\000t\000z\000\040\000t\000e\000s\000t\000,\000\040\000a\000n\000d\000\040\000w\000h\000a\000t\000\040\000i\000t\000\040\000c\000a\000u\000g\000h\000t}{part*.13}% 37
\BOOKMARK [1][-]{section.33}{\376\377\000T\000h\000e\000\040\000h\000y\000p\000e\000r\000f\000i\000n\000e\000\040\000l\000i\000n\000e\000\040\000a\000s\000\040\000t\000h\000e\000\040\000p\000a\000r\000i\000t\000y\000\040\000r\000u\000n\000g}{part*.13}% 38
\BOOKMARK [1][-]{section.34}{\376\377\000C\000l\000o\000s\000e\000d\000\040\000l\000a\000d\000d\000e\000r\000s\000:\000\040\000t\000h\000e\000\040\000m\000o\000l\000e\000c\000u\000l\000a\000r\000\040\000c\000y\000c\000l\000e\000s}{part*.13}% 39
\BOOKMARK [1][-]{section.35}{\376\377\000V\000a\000l\000i\000d\000a\000t\000i\000o\000n}{part*.13}% 40
\BOOKMARK [0][-]{part*.19}{\376\377\000P\000a\000r\000t\000\040\000V\000\040\040\024\000\040\000D\000i\000s\000c\000u\000s\000s\000i\000o\000n}{}% 41
\BOOKMARK [1][-]{section.36}{\376\377\000A\000g\000g\000r\000e\000g\000a\000t\000e\000\040\000p\000r\000e\000c\000i\000s\000i\000o\000n\000\040\000o\000f\000\040\000t\000h\000e\000\040\000a\000t\000l\000a\000s}{part*.19}% 42
\BOOKMARK [1][-]{section.37}{\376\377\000W\000h\000a\000t\000\040\000f\000o\000u\000r\000\040\000r\000o\000u\000t\000e\000s\000\040\000e\000s\000t\000a\000b\000l\000i\000s\000h\000e\000d}{part*.19}% 43
\BOOKMARK [1][-]{section.38}{\376\377\000L\000i\000m\000i\000t\000a\000t\000i\000o\000n\000s}{part*.19}% 44
\BOOKMARK [1][-]{section.39}{\376\377\000C\000o\000n\000c\000l\000u\000s\000i\000o\000n}{part*.19}% 45
