\BOOKMARK [1][-]{section.1}{\376\377\000I\000n\000t\000r\000o\000d\000u\000c\000t\000i\000o\000n}{}% 1
\BOOKMARK [2][-]{subsection.1.1}{\376\377\000W\000h\000e\000r\000e\000\040\000t\000h\000i\000s\000\040\000c\000o\000m\000e\000s\000\040\000f\000r\000o\000m}{section.1}% 2
\BOOKMARK [2][-]{subsection.1.2}{\376\377\000W\000h\000a\000t\000\040\000i\000s\000\040\000a\000l\000r\000e\000a\000d\000y\000\040\000e\000s\000t\000a\000b\000l\000i\000s\000h\000e\000d\000,\000\040\000a\000n\000d\000\040\000w\000h\000a\000t\000\040\000i\000s\000\040\000m\000i\000s\000s\000i\000n\000g}{section.1}% 3
\BOOKMARK [2][-]{subsection.1.3}{\376\377\000C\000o\000n\000t\000r\000i\000b\000u\000t\000i\000o\000n\000s\000,\000\040\000i\000n\000c\000l\000u\000d\000i\000n\000g\000\040\000t\000w\000o\000\040\000r\000e\000f\000u\000t\000a\000t\000i\000o\000n\000s}{section.1}% 4
\BOOKMARK [1][-]{section.2}{\376\377\000C\000a\000r\000r\000i\000e\000r\000\040\000e\000l\000i\000m\000i\000n\000a\000t\000i\000o\000n}{}% 5
\BOOKMARK [1][-]{section.3}{\376\377\000L\000a\000d\000d\000e\000r\000s}{}% 6
\BOOKMARK [1][-]{section.4}{\376\377\000C\000l\000o\000s\000e\000d\000\040\000l\000a\000d\000d\000e\000r\000s}{}% 7
\BOOKMARK [1][-]{section.5}{\376\377\000T\000h\000e\000\040\000i\000n\000e\000r\000t\000\040\000r\000u\000n\000g\000\040\000i\000s\000\040\000t\000h\000e\000\040\000r\000e\000p\000e\000a\000t\000e\000d\000\040\000s\000t\000e\000p}{}% 8
\BOOKMARK [1][-]{section.6}{\376\377\000S\000e\000n\000s\000i\000t\000i\000v\000i\000t\000y\000:\000\040\000a\000\040\000c\000o\000r\000r\000e\000c\000t\000i\000o\000n}{}% 9
\BOOKMARK [1][-]{section.7}{\376\377\000M\000o\000l\000e\000c\000u\000l\000e\000s\000\040\000a\000s\000\040\000c\000l\000o\000s\000e\000d\000\040\000l\000a\000d\000d\000e\000r\000s}{}% 10
\BOOKMARK [2][-]{subsection.7.1}{\376\377\000W\000h\000a\000t\000\040\000a\000\040\000r\000u\000n\000g\000\040\000i\000s\000\040\000i\000n\000\040\000a\000\040\000m\000o\000l\000e\000c\000u\000l\000e}{section.7}% 11
\BOOKMARK [2][-]{subsection.7.2}{\376\377\000T\000h\000e\000\040\000c\000a\000t\000e\000g\000o\000r\000i\000c\000a\000l\000\040\000a\000l\000p\000h\000a\000b\000e\000t}{section.7}% 12
\BOOKMARK [2][-]{subsection.7.3}{\376\377\000S\000u\000b\000s\000t\000i\000t\000u\000t\000i\000o\000n\000\040\000i\000s\000\040\000a\000\040\000l\000e\000t\000t\000e\000r\000\040\000r\000e\000w\000r\000i\000t\000e}{section.7}% 13
\BOOKMARK [2][-]{subsection.7.4}{\376\377\000W\000h\000y\000\040\000c\000o\000a\000r\000s\000e\000r\000\040\000c\000o\000m\000p\000a\000r\000i\000s\000o\000n\000\040\000w\000o\000r\000k\000s\000\040\000b\000e\000t\000t\000e\000r}{section.7}% 14
\BOOKMARK [1][-]{section.8}{\376\377\000A\000r\000o\000m\000a\000t\000i\000c\000i\000t\000y\000:\000\040\000a\000\040\000r\000e\000f\000u\000t\000e\000d\000\040\000f\000o\000r\000m\000u\000l\000a\000t\000i\000o\000n}{}% 15
\BOOKMARK [1][-]{section.9}{\376\377\000V\000a\000l\000i\000d\000a\000t\000i\000o\000n}{}% 16
\BOOKMARK [2][-]{subsection.9.1}{\376\377\000M\000e\000t\000h\000o\000d}{section.9}% 17
\BOOKMARK [2][-]{subsection.9.2}{\376\377\000C\000l\000o\000s\000e\000d\000-\000l\000a\000d\000d\000e\000r\000\040\000i\000n\000v\000a\000r\000i\000a\000n\000t\000s}{section.9}% 18
\BOOKMARK [2][-]{subsection.9.3}{\376\377\000S\000u\000b\000s\000t\000i\000t\000u\000t\000i\000o\000n}{section.9}% 19
\BOOKMARK [2][-]{subsection.9.4}{\376\377\000I\000n\000e\000r\000t\000n\000e\000s\000s\000\040\000a\000n\000d\000\040\000r\000e\000p\000e\000t\000i\000t\000i\000o\000n}{section.9}% 20
\BOOKMARK [2][-]{subsection.9.5}{\376\377\000R\000e\000f\000i\000n\000e\000m\000e\000n\000t}{section.9}% 21
\BOOKMARK [2][-]{subsection.9.6}{\376\377\000S\000e\000n\000s\000i\000t\000i\000v\000i\000t\000y}{section.9}% 22
\BOOKMARK [2][-]{subsection.9.7}{\376\377\000E\000l\000i\000m\000i\000n\000a\000t\000i\000o\000n}{section.9}% 23
\BOOKMARK [1][-]{section.10}{\376\377\000R\000e\000l\000a\000t\000i\000o\000n\000\040\000t\000o\000\040\000e\000x\000i\000s\000t\000i\000n\000g\000\040\000a\000c\000c\000o\000u\000n\000t\000s}{}% 24
\BOOKMARK [1][-]{section.11}{\376\377\000L\000i\000m\000i\000t\000a\000t\000i\000o\000n\000s}{}% 25
\BOOKMARK [1][-]{section.12}{\376\377\000C\000o\000n\000c\000l\000u\000s\000i\000o\000n}{}% 26
