\BOOKMARK [0][-]{part.1}{\376\377\000I\000\040\000T\000h\000e\000\040\000P\000r\000o\000b\000l\000e\000m}{}% 1
\BOOKMARK [1][-]{section.1}{\376\377\000I\000n\000t\000r\000o\000d\000u\000c\000t\000i\000o\000n}{part.1}% 2
\BOOKMARK [2][-]{subsection.1.1}{\376\377\000S\000i\000x\000\040\000f\000o\000r\000m\000a\000t\000s\000,\000\040\000o\000n\000e\000\040\000m\000o\000l\000e\000c\000u\000l\000e\000,\000\040\000s\000i\000x\000\040\000d\000i\000f\000f\000e\000r\000e\000n\000t\000\040\000t\000h\000i\000n\000g\000s\000\040\000s\000a\000i\000d}{section.1}% 3
\BOOKMARK [2][-]{subsection.1.2}{\376\377\000T\000h\000e\000\040\000p\000r\000o\000b\000l\000e\000m\000\040\000i\000s\000\040\000n\000o\000t\000\040\000c\000o\000n\000v\000e\000r\000s\000i\000o\000n\000;\000\040\000i\000t\000\040\000i\000s\000\040\000w\000h\000a\000t\000\040\000c\000o\000n\000v\000e\000r\000s\000i\000o\000n\000\040\000h\000i\000d\000e\000s}{section.1}% 4
\BOOKMARK [2][-]{subsection.1.3}{\376\377\000W\000h\000a\000t\000\040\000M\000a\000s\000a\000m\000u\000n\000e\000\040\000i\000s}{section.1}% 5
\BOOKMARK [2][-]{subsection.1.4}{\376\377\000W\000h\000a\000t\000\040\000M\000a\000s\000a\000m\000u\000n\000e\000\040\000i\000s\000\040\000n\000o\000t}{section.1}% 6
\BOOKMARK [2][-]{subsection.1.5}{\376\377\000C\000o\000n\000t\000r\000i\000b\000u\000t\000i\000o\000n\000s}{section.1}% 7
\BOOKMARK [1][-]{section.2}{\376\377\000R\000e\000l\000a\000t\000e\000d\000\040\000w\000o\000r\000k\000\040\000a\000n\000d\000\040\000w\000h\000a\000t\000\040\000i\000s\000\040\000n\000e\000w}{part.1}% 8
\BOOKMARK [0][-]{part.2}{\376\377\000I\000I\000\040\000T\000h\000e\000\040\000T\000a\000r\000g\000e\000t}{}% 9
\BOOKMARK [1][-]{section.3}{\376\377\000T\000h\000e\000\040\000c\000o\000n\000t\000a\000c\000t\000\040\000g\000r\000a\000p\000h}{part.2}% 10
\BOOKMARK [2][-]{subsection.3.1}{\376\377\000D\000e\000f\000i\000n\000i\000t\000i\000o\000n}{section.3}% 11
\BOOKMARK [2][-]{subsection.3.2}{\376\377\000W\000h\000a\000t\000\040\000a\000\040\000t\000r\000a\000n\000s\000l\000a\000t\000i\000o\000n\000\040\000m\000u\000s\000t\000\040\000p\000r\000o\000d\000u\000c\000e}{section.3}% 12
\BOOKMARK [0][-]{part.3}{\376\377\000I\000I\000I\000\040\000T\000h\000e\000\040\000T\000h\000r\000e\000e\000\040\000D\000i\000s\000c\000i\000p\000l\000i\000n\000e\000s}{}% 13
\BOOKMARK [1][-]{section.4}{\376\377\000P\000r\000o\000v\000e\000n\000a\000n\000c\000e\000\040\000t\000y\000p\000i\000n\000g}{part.3}% 14
\BOOKMARK [2][-]{subsection.4.1}{\376\377\000T\000h\000e\000\040\000t\000h\000r\000e\000e\000\040\000t\000a\000g\000s}{section.4}% 15
\BOOKMARK [2][-]{subsection.4.2}{\376\377\000C\000o\000m\000p\000o\000s\000i\000t\000i\000o\000n}{section.4}% 16
\BOOKMARK [2][-]{subsection.4.3}{\376\377\000T\000h\000e\000\040\000s\000u\000p\000p\000l\000i\000e\000d\000\040\000f\000r\000a\000c\000t\000i\000o\000n}{section.4}% 17
\BOOKMARK [1][-]{section.5}{\376\377\000V\000e\000r\000d\000i\000c\000t\000-\000c\000a\000r\000r\000y\000i\000n\000g\000\040\000t\000r\000a\000n\000s\000l\000a\000t\000i\000o\000n}{part.3}% 18
\BOOKMARK [2][-]{subsection.5.1}{\376\377\000T\000h\000e\000\040\000s\000i\000x\000\040\000v\000e\000r\000d\000i\000c\000t\000s}{section.5}% 19
\BOOKMARK [2][-]{subsection.5.2}{\376\377\000T\000h\000e\000\040\000c\000o\000n\000v\000e\000n\000t\000i\000o\000n\000a\000l\000\040\000i\000n\000t\000e\000r\000f\000a\000c\000e\000\040\000c\000a\000n\000n\000o\000t\000\040\000e\000x\000p\000r\000e\000s\000s\000\040\000t\000h\000i\000s}{section.5}% 20
\BOOKMARK [2][-]{subsection.5.3}{\376\377\000A\000n\000\040\000e\000m\000p\000t\000y\000\040\000r\000e\000s\000u\000l\000t\000\040\000i\000s\000\040\000a\000\040\000r\000e\000s\000u\000l\000t}{section.5}% 21
\BOOKMARK [1][-]{section.6}{\376\377\000D\000e\000c\000l\000a\000r\000e\000d\000\040\000c\000a\000p\000a\000b\000i\000l\000i\000t\000y}{part.3}% 22
\BOOKMARK [2][-]{subsection.6.1}{\376\377\000F\000e\000a\000t\000u\000r\000e\000s\000\040\000a\000n\000d\000\040\000c\000a\000p\000a\000b\000i\000l\000i\000t\000y\000\040\000s\000e\000t\000s}{section.6}% 23
\BOOKMARK [2][-]{subsection.6.2}{\376\377\000T\000h\000e\000\040\000c\000o\000n\000t\000a\000i\000n\000m\000e\000n\000t\000\040\000t\000h\000e\000o\000r\000e\000m}{section.6}% 24
\BOOKMARK [0][-]{part.4}{\376\377\000I\000V\000\040\000T\000h\000e\000\040\000P\000l\000a\000n\000\040\000L\000a\000n\000g\000u\000a\000g\000e}{}% 25
\BOOKMARK [1][-]{section.7}{\376\377\000P\000l\000a\000n\000s}{part.4}% 26
\BOOKMARK [2][-]{subsection.7.1}{\376\377\000D\000e\000s\000i\000g\000n\000\040\000d\000e\000c\000i\000s\000i\000o\000n\000s}{section.7}% 27
\BOOKMARK [2][-]{subsection.7.2}{\376\377\000G\000r\000a\000m\000m\000a\000r}{section.7}% 28
\BOOKMARK [2][-]{subsection.7.3}{\376\377\000T\000h\000e\000\040\000s\000t\000a\000n\000d\000a\000r\000d\000\040\000o\000p\000e\000r\000a\000t\000i\000o\000n\000s}{section.7}% 29
\BOOKMARK [1][-]{section.8}{\376\377\000O\000p\000e\000r\000a\000t\000i\000o\000n\000a\000l\000\040\000s\000e\000m\000a\000n\000t\000i\000c\000s}{part.4}% 30
\BOOKMARK [2][-]{subsection.8.1}{\376\377\000C\000o\000n\000f\000i\000g\000u\000r\000a\000t\000i\000o\000n\000s}{section.8}% 31
\BOOKMARK [2][-]{subsection.8.2}{\376\377\000P\000r\000o\000p\000e\000r\000t\000i\000e\000s}{section.8}% 32
\BOOKMARK [0][-]{part.5}{\376\377\000V\000\040\000R\000e\000a\000l\000i\000s\000a\000t\000i\000o\000n}{}% 33
\BOOKMARK [1][-]{section.9}{\376\377\000R\000e\000f\000e\000r\000e\000n\000c\000e\000\040\000i\000m\000p\000l\000e\000m\000e\000n\000t\000a\000t\000i\000o\000n\000\040\000a\000n\000d\000\040\000a\000\040\000t\000r\000a\000n\000s\000l\000a\000t\000i\000o\000n\000\040\000r\000u\000n}{part.5}% 34
\BOOKMARK [2][-]{subsection.9.1}{\376\377\000T\000h\000e\000\040\000i\000m\000p\000l\000e\000m\000e\000n\000t\000a\000t\000i\000o\000n}{section.9}% 35
\BOOKMARK [2][-]{subsection.9.2}{\376\377\000T\000h\000e\000\040\000r\000u\000n}{section.9}% 36
\BOOKMARK [2][-]{subsection.9.3}{\376\377\000T\000h\000e\000\040\000s\000u\000p\000p\000l\000i\000e\000d\000\040\000f\000r\000a\000c\000t\000i\000o\000n}{section.9}% 37
\BOOKMARK [2][-]{subsection.9.4}{\376\377\000T\000h\000e\000\040\000m\000e\000d\000i\000u\000m\000-\000e\000d\000g\000e\000\040\000d\000e\000f\000e\000c\000t\000,\000\040\000m\000e\000a\000s\000u\000r\000e\000d}{section.9}% 38
\BOOKMARK [2][-]{subsection.9.5}{\376\377\000C\000a\000p\000a\000b\000i\000l\000i\000t\000y\000\040\000c\000o\000n\000t\000a\000i\000n\000m\000e\000n\000t\000,\000\040\000m\000e\000a\000s\000u\000r\000e\000d}{section.9}% 39
\BOOKMARK [2][-]{subsection.9.6}{\376\377\000V\000e\000r\000d\000i\000c\000t\000s\000\040\000a\000r\000e\000\040\000d\000i\000s\000t\000i\000n\000c\000t\000,\000\040\000a\000n\000d\000\040\000a\000\040\000f\000a\000i\000l\000u\000r\000e\000\040\000c\000a\000r\000r\000i\000e\000s\000\040\000n\000o\000\040\000v\000a\000l\000u\000e}{section.9}% 40
\BOOKMARK [2][-]{subsection.9.7}{\376\377\000T\000w\000o\000\040\000f\000o\000r\000m\000a\000t\000s\000,\000\040\000o\000n\000e\000\040\000m\000o\000l\000e\000c\000u\000l\000e\000,\000\040\000u\000n\000d\000e\000t\000e\000c\000t\000e\000d\000\040\000d\000i\000s\000a\000g\000r\000e\000e\000m\000e\000n\000t}{section.9}% 41
\BOOKMARK [2][-]{subsection.9.8}{\376\377\000D\000e\000f\000e\000c\000t\000s\000\040\000f\000o\000u\000n\000d\000\040\000b\000y\000\040\000i\000m\000p\000l\000e\000m\000e\000n\000t\000i\000n\000g}{section.9}% 42
\BOOKMARK [1][-]{section.10}{\376\377\000W\000h\000a\000t\000\040\000M\000a\000s\000a\000m\000u\000n\000e\000\040\000d\000o\000e\000s\000\040\000n\000o\000t\000\040\000d\000o}{part.5}% 43
\BOOKMARK [1][-]{section.11}{\376\377\000C\000o\000n\000c\000l\000u\000s\000i\000o\000n}{part.5}% 44
